// Jest Snapshot v1, https://goo.gl/fbAQLP

exports[`Renders the table with data matches snapshot 1`] = `
<div>
  <div
    data-testid="devices-table"
  >
    <div
      className="devices-table-container"
      role="table"
    >
      <div
        className="devices-table-header-container"
      >
        <div
          className="devices-table-filter-row-container"
          role="row"
        >
          <div
            className="devices-table-filter-container"
            colSpan={1}
            role="columnheader"
          >
            <div
              className="devices-table-filter-title"
            >
              
            </div>
            <div>
              
            </div>
          </div>
          <div
            className="devices-table-filter-container"
            colSpan={1}
            role="columnheader"
          >
            <div
              className="devices-table-filter-title"
            >
              Device Type:
            </div>
            <div>
              <select
                className="devices-table-select-filter"
                data-testid="type-filter"
                onChange={[Function]}
                value=""
              >
                <option
                  value=""
                >
                  All
                </option>
              </select>
            </div>
          </div>
          <div
            className="devices-table-filter-container"
            colSpan={1}
            role="columnheader"
          >
            <div
              className="devices-table-filter-title"
            >
              
            </div>
            <div>
              
            </div>
          </div>
          <div
            className="devices-table-filter-container"
            colSpan={1}
            role="columnheader"
          >
            <div
              className="devices-table-filter-title"
            >
              
            </div>
            <div>
              
            </div>
          </div>
          <div
            className="devices-table-filter-container"
            colSpan={1}
            role="columnheader"
          >
            <div
              className="devices-table-filter-title"
            >
              
            </div>
            <div>
              
            </div>
          </div>
        </div>
      </div>
      <div
        className="devices-table-body-container"
        role="rowgroup"
      />
    </div>
    <div
      className="pagination-container"
    >
      <div
        className="pagination-buttons-container"
      >
        <div
          className="pagination-button"
          disabled={true}
          onClick={[Function]}
        >
          &lt;&lt;
        </div>
        <div
          className="pagination-button"
          disabled={true}
          onClick={[Function]}
        >
          &lt;
        </div>
        <div
          className="pagination-button"
          disabled={true}
          onClick={[Function]}
        >
          &gt;
        </div>
        <div
          className="pagination-button"
          disabled={true}
          onClick={[Function]}
        >
          &gt;&gt;
        </div>
      </div>
      <div
        className="pagination-info-container"
      >
        <div
          className="page-of-text"
        >
          Page
           
          1
           of 
          0
        </div>
      </div>
    </div>
  </div>
</div>
`;
